/Users/jiu/Projects/Vixen/build/_build.csproj : warning NU1901: Package 'NuGet.Packaging' 6.12.1 has a known low severity vulnerability, https://github.com/advisories/GHSA-g4vj-cjjj-v7hg
/Users/jiu/Projects/Vixen/build/_build.csproj : warning NU1903: Package 'System.Security.Cryptography.Xml' 9.0.0 has a known high severity vulnerability, https://github.com/advisories/GHSA-23rf-6693-g89p
/Users/jiu/Projects/Vixen/build/_build.csproj : warning NU1903: Package 'System.Security.Cryptography.Xml' 9.0.0 has a known high severity vulnerability, https://github.com/advisories/GHSA-37gx-xxp4-5rgx
/Users/jiu/Projects/Vixen/build/_build.csproj : warning NU1903: Package 'System.Security.Cryptography.Xml' 9.0.0 has a known high severity vulnerability, https://github.com/advisories/GHSA-6588-8gv4-xfgh
/Users/jiu/Projects/Vixen/build/_build.csproj : warning NU1903: Package 'System.Security.Cryptography.Xml' 9.0.0 has a known high severity vulnerability, https://github.com/advisories/GHSA-8q5v-6pqq-x66h
/Users/jiu/Projects/Vixen/build/_build.csproj : warning NU1903: Package 'System.Security.Cryptography.Xml' 9.0.0 has a known high severity vulnerability, https://github.com/advisories/GHSA-cvvh-rhrc-wg4q
/Users/jiu/Projects/Vixen/build/_build.csproj : warning NU1903: Package 'System.Security.Cryptography.Xml' 9.0.0 has a known high severity vulnerability, https://github.com/advisories/GHSA-g8r8-53c2-pm3f
/Users/jiu/Projects/Vixen/build/_build.csproj : warning NU1903: Package 'System.Security.Cryptography.Xml' 9.0.0 has a known high severity vulnerability, https://github.com/advisories/GHSA-mmjf-rqrv-855v
/Users/jiu/Projects/Vixen/build/_build.csproj : warning NU1903: Package 'System.Security.Cryptography.Xml' 9.0.0 has a known high severity vulnerability, https://github.com/advisories/GHSA-w3x6-4m5h-cxqf
/Users/jiu/Projects/Vixen/build/_build.csproj : warning NU1901: Package 'NuGet.Packaging' 6.12.1 has a known low severity vulnerability, https://github.com/advisories/GHSA-g4vj-cjjj-v7hg
/Users/jiu/Projects/Vixen/build/_build.csproj : warning NU1903: Package 'System.Security.Cryptography.Xml' 9.0.0 has a known high severity vulnerability, https://github.com/advisories/GHSA-23rf-6693-g89p
/Users/jiu/Projects/Vixen/build/_build.csproj : warning NU1903: Package 'System.Security.Cryptography.Xml' 9.0.0 has a known high severity vulnerability, https://github.com/advisories/GHSA-37gx-xxp4-5rgx
/Users/jiu/Projects/Vixen/build/_build.csproj : warning NU1903: Package 'System.Security.Cryptography.Xml' 9.0.0 has a known high severity vulnerability, https://github.com/advisories/GHSA-6588-8gv4-xfgh
/Users/jiu/Projects/Vixen/build/_build.csproj : warning NU1903: Package 'System.Security.Cryptography.Xml' 9.0.0 has a known high severity vulnerability, https://github.com/advisories/GHSA-8q5v-6pqq-x66h
/Users/jiu/Projects/Vixen/build/_build.csproj : warning NU1903: Package 'System.Security.Cryptography.Xml' 9.0.0 has a known high severity vulnerability, https://github.com/advisories/GHSA-cvvh-rhrc-wg4q
/Users/jiu/Projects/Vixen/build/_build.csproj : warning NU1903: Package 'System.Security.Cryptography.Xml' 9.0.0 has a known high severity vulnerability, https://github.com/advisories/GHSA-g8r8-53c2-pm3f
/Users/jiu/Projects/Vixen/build/_build.csproj : warning NU1903: Package 'System.Security.Cryptography.Xml' 9.0.0 has a known high severity vulnerability, https://github.com/advisories/GHSA-mmjf-rqrv-855v
/Users/jiu/Projects/Vixen/build/_build.csproj : warning NU1903: Package 'System.Security.Cryptography.Xml' 9.0.0 has a known high severity vulnerability, https://github.com/advisories/GHSA-w3x6-4m5h-cxqf
/Users/jiu/Projects/Vixen/build/Build.cs(30,23): warning CS8618: Non-nullable field 'Solution' must contain a non-null value when exiting constructor. Consider adding the 'required' modifier or declaring the field as nullable. [/Users/jiu/Projects/Vixen/build/_build.csproj]
/Users/jiu/Projects/Vixen/build/Build.Docs.cs(54,28): warning CS8618: Non-nullable field 'DocsRepository' must contain a non-null value when exiting constructor. Consider adding the 'required' modifier or declaring the field as nullable. [/Users/jiu/Projects/Vixen/build/_build.csproj]
/Users/jiu/Projects/Vixen/build/Build.Release.cs(33,21): warning CS8618: Non-nullable field 'ReleaseVersion' must contain a non-null value when exiting constructor. Consider adding the 'required' modifier or declaring the field as nullable. [/Users/jiu/Projects/Vixen/build/_build.csproj]
/Users/jiu/Projects/Vixen/build/Build.Release.cs(36,21): warning CS8618: Non-nullable field 'ReleaseDate' must contain a non-null value when exiting constructor. Consider adding the 'required' modifier or declaring the field as nullable. [/Users/jiu/Projects/Vixen/build/_build.csproj]
/Users/jiu/Projects/Vixen/build/Build.Release.cs(39,12): warning CS8618: Non-nullable field 'ReleasingVersion' must contain a non-null value when exiting constructor. Consider adding the 'required' modifier or declaring the field as nullable. [/Users/jiu/Projects/Vixen/build/_build.csproj]
/Users/jiu/Projects/Vixen/build/Build.Api.cs(136,24): warning CA1822: Member 'ApiCheckedProjects' does not access instance data and can be marked as static (https://learn.microsoft.com/dotnet/fundamentals/code-analysis/quality-rules/ca1822) [/Users/jiu/Projects/Vixen/build/_build.csproj]
/Users/jiu/Projects/Vixen/build/Build.cs(330,27): warning CA1822: Member 'TrackedFiles' does not access instance data and can be marked as static (https://learn.microsoft.com/dotnet/fundamentals/code-analysis/quality-rules/ca1822) [/Users/jiu/Projects/Vixen/build/_build.csproj]
/Users/jiu/Projects/Vixen/build/Build.Shaders.cs(152,24): warning CA1822: Member 'SourcesFor' does not access instance data and can be marked as static (https://learn.microsoft.com/dotnet/fundamentals/code-analysis/quality-rules/ca1822) [/Users/jiu/Projects/Vixen/build/_build.csproj]
/Users/jiu/Projects/Vixen/build/Build.Attribution.cs(51,18): warning CA1822: Member 'AttributionPage' does not access instance data and can be marked as static (https://learn.microsoft.com/dotnet/fundamentals/code-analysis/quality-rules/ca1822) [/Users/jiu/Projects/Vixen/build/_build.csproj]
/Users/jiu/Projects/Vixen/build/Build.Attribution.cs(53,18): warning CA1822: Member 'PackagesProps' does not access instance data and can be marked as static (https://learn.microsoft.com/dotnet/fundamentals/code-analysis/quality-rules/ca1822) [/Users/jiu/Projects/Vixen/build/_build.csproj]
/Users/jiu/Projects/Vixen/build/Build.ArchitectureRules.cs(120,12): warning CA1822: Member 'CheckArchitecture' does not access instance data and can be marked as static (https://learn.microsoft.com/dotnet/fundamentals/code-analysis/quality-rules/ca1822) [/Users/jiu/Projects/Vixen/build/_build.csproj]
/Users/jiu/Projects/Vixen/build/Build.ContentBytes.cs(66,18): warning CA1822: Member 'ContentBytesFixture' does not access instance data and can be marked as static (https://learn.microsoft.com/dotnet/fundamentals/code-analysis/quality-rules/ca1822) [/Users/jiu/Projects/Vixen/build/_build.csproj]
/Users/jiu/Projects/Vixen/build/Build.cs(32,18): warning CA1822: Member 'ArtifactsDirectory' does not access instance data and can be marked as static (https://learn.microsoft.com/dotnet/fundamentals/code-analysis/quality-rules/ca1822) [/Users/jiu/Projects/Vixen/build/_build.csproj]
/Users/jiu/Projects/Vixen/build/Build.cs(484,31): warning CA1822: Member 'BrowserProjects' does not access instance data and can be marked as static (https://learn.microsoft.com/dotnet/fundamentals/code-analysis/quality-rules/ca1822) [/Users/jiu/Projects/Vixen/build/_build.csproj]
/Users/jiu/Projects/Vixen/build/Build.Docs.cs(56,18): warning CA1822: Member 'DocsDirectory' does not access instance data and can be marked as static (https://learn.microsoft.com/dotnet/fundamentals/code-analysis/quality-rules/ca1822) [/Users/jiu/Projects/Vixen/build/_build.csproj]
/Users/jiu/Projects/Vixen/build/Build.Native.cs(60,18): warning CA1822: Member 'NativeManifestFile' does not access instance data and can be marked as static (https://learn.microsoft.com/dotnet/fundamentals/code-analysis/quality-rules/ca1822) [/Users/jiu/Projects/Vixen/build/_build.csproj]
/Users/jiu/Projects/Vixen/build/Build.Publish.cs(92,18): warning CA1822: Member 'EditorProjectFile' does not access instance data and can be marked as static (https://learn.microsoft.com/dotnet/fundamentals/code-analysis/quality-rules/ca1822) [/Users/jiu/Projects/Vixen/build/_build.csproj]
/Users/jiu/Projects/Vixen/build/Build.Strings.cs(75,12): warning CA1822: Member 'CheckStrings' does not access instance data and can be marked as static (https://learn.microsoft.com/dotnet/fundamentals/code-analysis/quality-rules/ca1822) [/Users/jiu/Projects/Vixen/build/_build.csproj]
No space left on device : '/Users/jiu/Projects/Vixen/.nuke/temp/build.log'
